 
                 LiteGapps Building [29/08/2020 23:30:56]
 
 
 
ARCH : arm64 [29/08/2020 23:30:56]
SDK  : 29 [29/08/2020 23:30:56]
VERSION : 0.5 [29/08/2020 23:30:56]
Codename : stable [29/08/2020 23:30:57]
Build Date : 29-08-2020 [29/08/2020 23:30:57]
Build Status : unofficial [29/08/2020 23:30:57]
Android Target : 10.0 [29/08/2020 23:30:57]
Builder : wahyu6070 [29/08/2020 23:30:57]
 
 
 
- Unzip [29/08/2020 23:30:57]
GoogleRestore.apk
ConfigUpdater.apk
PrebuiltGmsCore.apk
GoogleServicesFramework.apk
Phonesky.apk
GoogleBackupTransport.apk
GoogleExtServices.apk
GoogleContactsSyncAdapter.apk
MarkupGoogle.apk
GoogleCalendarSyncAdapter.apk
GoogleExtShared.apk
    [Prossesing] ===> - Creating .tar /data/asw/LiteGapps-master/tmp/arm64/29/system/app/GoogleCalendarSyncAdapter
    [Prossesing] ===> - Creating .tar /data/asw/LiteGapps-master/tmp/arm64/29/system/app/GoogleContactsSyncAdapter
    [Prossesing] ===> - Creating .tar /data/asw/LiteGapps-master/tmp/arm64/29/system/app/GoogleExtShared
    [Prossesing] ===> - Creating .tar /data/asw/LiteGapps-master/tmp/arm64/29/system/app/MarkupGoogle
    [Prossesing] ===> - Creating .tar /data/asw/LiteGapps-master/tmp/arm64/29/system/etc/default-permissions
    [Prossesing] ===> - Creating .tar /data/asw/LiteGapps-master/tmp/arm64/29/system/etc/permissions
    [Prossesing] ===> - Creating .tar /data/asw/LiteGapps-master/tmp/arm64/29/system/etc/preferred-apps
    [Prossesing] ===> - Creating .tar /data/asw/LiteGapps-master/tmp/arm64/29/system/etc/sysconfig
    [Prossesing] ===> - Creating .tar /data/asw/LiteGapps-master/tmp/arm64/29/system/framework/com.google.android.dialer.support.jar
    [Prossesing] ===> - Creating .tar /data/asw/LiteGapps-master/tmp/arm64/29/system/framework/com.google.android.maps.jar
    [Prossesing] ===> - Creating .tar /data/asw/LiteGapps-master/tmp/arm64/29/system/framework/com.google.android.media.effects.jar
    [Prossesing] ===> - Creating .tar /data/asw/LiteGapps-master/tmp/arm64/29/system/lib/libsketchology_native.so
    [Prossesing] ===> - Creating .tar /data/asw/LiteGapps-master/tmp/arm64/29/system/lib64/libjni_latinimegoogle.so
    [Prossesing] ===> - Creating .tar /data/asw/LiteGapps-master/tmp/arm64/29/system/lib64/libsketchology_native.so
    [Prossesing] ===> - Creating .tar /data/asw/LiteGapps-master/tmp/arm64/29/system/priv-app/ConfigUpdater
    [Prossesing] ===> - Creating .tar /data/asw/LiteGapps-master/tmp/arm64/29/system/priv-app/GoogleBackupTransport
    [Prossesing] ===> - Creating .tar /data/asw/LiteGapps-master/tmp/arm64/29/system/priv-app/GoogleExtServices
    [Prossesing] ===> - Creating .tar /data/asw/LiteGapps-master/tmp/arm64/29/system/priv-app/GoogleRestore
    [Prossesing] ===> - Creating .tar /data/asw/LiteGapps-master/tmp/arm64/29/system/priv-app/GoogleServicesFramework
    [Prossesing] ===> - Creating .tar /data/asw/LiteGapps-master/tmp/arm64/29/system/priv-app/Phonesky
    [Prossesing] ===> - Creating .tar /data/asw/LiteGapps-master/tmp/arm64/29/system/priv-app/PrebuiltGmsCore
- Set Timestamp 200909271500 [29/08/2020 23:31:10]
- Creating arch.tar [29/08/2020 23:31:11]
    [Prossesing] ===> - Creating arch.tar
    [Prossesing] ===> - Removing /data/asw/LiteGapps-master/tmp/arm64
- Creating archive : xz [29/08/2020 23:31:12]
- Level Compression : 9 [29/08/2020 23:31:12]
- Creating MD5sum [29/08/2020 23:37:38]
- Moving files [29/08/2020 23:37:39]
- Set module.prop [29/08/2020 23:37:39]
 [29/08/2020 23:37:40]
- Creating Magisk Module [29/08/2020 23:37:40]
- ZIP name  : LiteGapps-arm64-10.0-29082020-unofficial[Magisk Module] [29/08/2020 23:37:40]
- ZIP level : 0 [29/08/2020 23:37:40]
- ZIP size  :  [29/08/2020 23:37:40]
 [29/08/2020 23:37:40]
- Creating Magisk Module [29/08/2020 23:37:40]
- ZIP name  : LiteGapps-arm64-10.0-29082020-unofficial[Magisk Module] [29/08/2020 23:37:41]
- ZIP level : 0 [29/08/2020 23:37:41]
- ZIP size  : 57M [29/08/2020 23:37:41]
- Done [29/08/2020 23:37:41]
